
> apple-interior-manager@0.1.0 build
> cross-env NODE_ENV=production next build

   Γû▓ Next.js 16.0.7 (Turbopack)
   - Environments: .env.local
   - Experiments (use with caution):
     ┬╖ optimizePackageImports

   Creating an optimized production build ...
node.exe : 
At line:1 char:1
+ & "C:\Program 
Files\nodejs/node.exe" 
"C:\Program 
Files\nodejs/node_mo ...
+ ~~~~~~~~~~~~~~~~~~~~~~~~~~
~~~~~~~~~~~~~~~~~~~~~~~~~~~~
~~~~~~~~~~~~~~~
    + CategoryInfo          
    : NotSpecified: (:Stri  
  ng) [], RemoteException
    + FullyQualifiedErrorId 
    : NativeCommandError
 
> Build error occurred
Error: Turbopack build 
failed with 3 errors:
./src/lib/reports/pdfGenerat
or.ts:1:1
Module not found: Can't 
resolve 'jspdf'
[0m[31m[1m>[22m[39m[90
m 1 |[39m [36mimport[39m 
{ jsPDF } [36mfrom[39m 
[32m'jspdf'[39m[33m;[39m
 [90m   |[39m [31m[1m^[
22m[39m[31m[1m^[22m[39m
[31m[1m^[22m[39m[31m[1
m^[22m[39m[31m[1m^[22m
[39m[31m[1m^[22m[39m[31
m[1m^[22m[39m[31m[1m^[
22m[39m[31m[1m^[22m[39m
[31m[1m^[22m[39m[31m[1
m^[22m[39m[31m[1m^[22m
[39m[31m[1m^[22m[39m[31
m[1m^[22m[39m[31m[1m^[
22m[39m[31m[1m^[22m[39m
[31m[1m^[22m[39m[31m[1
m^[22m[39m[31m[1m^[22m
[39m[31m[1m^[22m[39m[31
m[1m^[22m[39m[31m[1m^[
22m[39m[31m[1m^[22m[39m
[31m[1m^[22m[39m[31m[1
m^[22m[39m[31m[1m^[22m
[39m[31m[1m^[22m[39m[31
m[1m^[22m[39m[31m[1m^[
22m[39m[31m[1m^[22m[39m
 [90m 2 |[39m 
[36mimport[39m autoTable 
[36mfrom[39m [32m'jspdf-a
utotable'[39m[33m;[39m
 [90m 3 |[39m 
[36mimport[39m { format } 
[36mfrom[39m [32m'date-fn
s'[39m[33m;[39m
 [90m 4 |[39m[0m



Import trace:
  App Route:
    ./src/lib/reports/pdfGen
erator.ts
    ./src/app/api/reports/se
nd/route.ts

https://nextjs.org/docs/mess
ages/module-not-found


./src/lib/reports/pdfGenerat
or.ts:2:1
Module not found: Can't 
resolve 'jspdf-autotable'
[0m [90m 1 |[39m 
[36mimport[39m { jsPDF } 
[36mfrom[39m 
[32m'jspdf'[39m[33m;[39m
[31m[1m>[22m[39m[90m 2 
|[39m [36mimport[39m 
autoTable [36mfrom[39m [3
2m'jspdf-autotable'[39m[33
m;[39m
 [90m   |[39m [31m[1m^[
22m[39m[31m[1m^[22m[39m
[31m[1m^[22m[39m[31m[1
m^[22m[39m[31m[1m^[22m
[39m[31m[1m^[22m[39m[31
m[1m^[22m[39m[31m[1m^[
22m[39m[31m[1m^[22m[39m
[31m[1m^[22m[39m[31m[1
m^[22m[39m[31m[1m^[22m
[39m[31m[1m^[22m[39m[31
m[1m^[22m[39m[31m[1m^[
22m[39m[31m[1m^[22m[39m
[31m[1m^[22m[39m[31m[1
m^[22m[39m[31m[1m^[22m
[39m[31m[1m^[22m[39m[31
m[1m^[22m[39m[31m[1m^[
22m[39m[31m[1m^[22m[39m
[31m[1m^[22m[39m[31m[1
m^[22m[39m[31m[1m^[22m
[39m[31m[1m^[22m[39m[31
m[1m^[22m[39m[31m[1m^[
22m[39m[31m[1m^[22m[39m
[31m[1m^[22m[39m[31m[1
m^[22m[39m[31m[1m^[22m
[39m[31m[1m^[22m[39m[31
m[1m^[22m[39m[31m[1m^[
22m[39m[31m[1m^[22m[39m
[31m[1m^[22m[39m[31m[1
m^[22m[39m[31m[1m^[22m
[39m
 [90m 3 |[39m 
[36mimport[39m { format } 
[36mfrom[39m [32m'date-fn
s'[39m[33m;[39m
 [90m 4 |[39m
 [90m 5 |[39m 
[36mexport[39m 
[36masync[39m 
[36mfunction[39m generateD
PR(report[33m:[39m 
any[33m,[39m 
project[33m:[39m any) 
{[0m



Import trace:
  App Route:
    ./src/lib/reports/pdfGen
erator.ts
    ./src/app/api/reports/se
nd/route.ts

https://nextjs.org/docs/mess
ages/module-not-found


./src/app/api/reports/send/r
oute.ts:5:1
Module not found: Can't 
resolve 'nodemailer'
[0m [90m 3 |[39m 
[36mimport[39m { 
generateDPR } 
[36mfrom[39m [32m'@/lib/r
eports/pdfGenerator'[39m[3
3m;[39m
 [90m 4 |[39m 
[36mimport[39m { 
sendDPRWhatsAppNotification 
} [36mfrom[39m [32m'@/lib
/whatsapp'[39m[33m;[39m
[31m[1m>[22m[39m[90m 5 
|[39m [36mimport[39m 
nodemailer [36mfrom[39m [
32m'nodemailer'[39m[33m;[
39m
 [90m   |[39m [31m[1m^[
22m[39m[31m[1m^[22m[39m
[31m[1m^[22m[39m[31m[1
m^[22m[39m[31m[1m^[22m
[39m[31m[1m^[22m[39m[31
m[1m^[22m[39m[31m[1m^[
22m[39m[31m[1m^[22m[39m
[31m[1m^[22m[39m[31m[1
m^[22m[39m[31m[1m^[22m
[39m[31m[1m^[22m[39m[31
m[1m^[22m[39m[31m[1m^[
22m[39m[31m[1m^[22m[39m
[31m[1m^[22m[39m[31m[1
m^[22m[39m[31m[1m^[22m
[39m[31m[1m^[22m[39m[31
m[1m^[22m[39m[31m[1m^[
22m[39m[31m[1m^[22m[39m
[31m[1m^[22m[39m[31m[1
m^[22m[39m[31m[1m^[22m
[39m[31m[1m^[22m[39m[31
m[1m^[22m[39m[31m[1m^[
22m[39m[31m[1m^[22m[39m
[31m[1m^[22m[39m[31m[1
m^[22m[39m[31m[1m^[22m
[39m[31m[1m^[22m[39m[31
m[1m^[22m[39m[31m[1m^[
22m[39m
 [90m 6 |[39m
 [90m 7 |[39m 
[36mexport[39m 
[36masync[39m 
[36mfunction[39m [33mPOST
[39m(request[33m:[39m 
[33mNextRequest[39m) {
 [90m 8 |[39m     
[36mtry[39m {[0m



https://nextjs.org/docs/mess
ages/module-not-found


    at <unknown> (./src/lib/
reports/pdfGenerator.ts:1:1)
    at <unknown> (https://ne
xtjs.org/docs/messages/modul
e-not-found)
    at <unknown> (./src/lib/
reports/pdfGenerator.ts:2:1)
    at <unknown> (https://ne
xtjs.org/docs/messages/modul
e-not-found)
    at <unknown> (./src/app/
api/reports/send/route.ts:5:
1)
    at <unknown> (https://ne
xtjs.org/docs/messages/modul
e-not-found)
