
> apple-interior-manager@0.1.0 build
> cross-env NODE_ENV=production next build

   Γû▓ Next.js 16.0.0 (Turbopack)
   - Environments: .env.local

   Creating an optimized production build ...
 Γ£ô Compiled successfully in 22.5s
   Running TypeScript ...
   Collecting page data ...
   Generating static pages (0/32) ...
   Generating static pages (8/32) 
   Generating static pages (16/32) 
   Generating static pages (24/32) 
 Γ£ô Generating static pages (32/32) in 5.4s
   Finalizing page optimization ...

Route (app)
Γöî Γùï /
Γö£ Γùï /_not-found
Γö£ Γùï /admin/dashboard
Γö£ Γùï /admin/login
Γö£ Γùï /admin/users/new
Γö£ ╞Æ /api/admin/project-members
Γö£ ╞Æ /api/admin/projects
Γö£ ╞Æ /api/admin/users
Γö£ ╞Æ /api/auth/login
Γö£ ╞Æ /api/auth/logout
Γö£ ╞Æ /api/auth/session
Γö£ ╞Æ /api/design-comments
Γö£ ╞Æ /api/design-files
Γö£ ╞Æ /api/inventory-items
Γö£ ╞Æ /api/notifications
Γö£ ╞Æ /api/project-steps
Γö£ ╞Æ /api/project-updates
Γö£ ╞Æ /api/tasks
Γö£ ╞Æ /api/test-auth
Γö£ Γùï /dashboard
Γö£ Γùï /dashboard/clients
Γö£ ╞Æ /dashboard/clients/[id]/edit
Γö£ Γùï /dashboard/clients/new
Γö£ Γùï /dashboard/my-projects
Γö£ Γùï /dashboard/my-tasks
Γö£ Γùï /dashboard/projects
Γö£ ╞Æ /dashboard/projects/[id]
Γö£ ╞Æ /dashboard/projects/[id]/edit
Γö£ ╞Æ /dashboard/projects/[id]/members
Γö£ Γùï /dashboard/projects/new
Γö£ Γùï /dashboard/settings
Γö£ Γùï /dashboard/users
Γö£ ╞Æ /dashboard/users/[id]/edit
Γö£ Γùï /dashboard/users/new
Γöö Γùï /login


╞Æ Proxy (Middleware)

Γùï  (Static)   prerendered as static content
╞Æ  (Dynamic)  server-rendered on demand

