≡ƒº¬ Sending test push notification...
≡ƒô▓ Target External User ID: 1a7e6f74-068b-40be-9bad-0adf7e66aaaf

≡ƒôñ Sending to OneSignal API...
Payload: {
  "app_id": "d080d582-0b88-431c-bb19-59a08f7f5379",
  "include_external_user_ids": [
    "1a7e6f74-068b-40be-9bad-0adf7e66aaaf"
  ],
  "headings": {
    "en": "≡ƒº¬ Test Notification"
  },
  "contents": {
    "en": "This is a test push notification from OneSignal! If you received this, push notifications are working! ≡ƒÄë"
  },
  "data": {
    "type": "test",
    "timestamp": "2025-12-26T19:35:53.897Z"
  }
}

Γ¥î ERROR! Failed to send push notification
Response: {
  "errors": [
    "Access denied.  Please include an 'Authorization: ...' header with a valid API key (https://documentation.onesignal.com/docs/en/keys-and-ids#api-keys)."
  ]
}

Errors:
  - Access denied.  Please include an 'Authorization: ...' header with a valid API key (https://documentation.onesignal.com/docs/en/keys-and-ids#api-keys).
