.next/dev/types/validator.ts(621,31): error TS2344: Type 'typeof import("D:/site_manager/src/app/api/site-logs/route")' does not satisfy the constraint 'RouteHandlerConfig<"/api/site-logs">'.
  The types returned by 'GET(...)' are incompatible between these types.
    Type 'Promise<{ error: { message: any; code: any; }; status: any; } | NextResponse<{ error: string; }> | NextResponse<{ logs: any; }>>' is not assignable to type 'void | Response | Promise<void | Response>'.
      Type 'Promise<{ error: { message: any; code: any; }; status: any; } | NextResponse<{ error: string; }> | NextResponse<{ logs: any; }>>' is not assignable to type 'Promise<void | Response>'.
        Type '{ error: { message: any; code: any; }; status: any; } | NextResponse<{ error: string; }> | NextResponse<{ logs: any; }>' is not assignable to type 'void | Response'.
          Type '{ error: { message: any; code: any; }; status: any; }' is not assignable to type 'void | Response'.
            Type '{ error: { message: any; code: any; }; status: any; }' is missing the following properties from type 'Response': headers, ok, redirected, statusText, and 11 more.
.next/types/validator.ts(621,31): error TS2344: Type 'typeof import("D:/site_manager/src/app/api/site-logs/route")' does not satisfy the constraint 'RouteHandlerConfig<"/api/site-logs">'.
  The types returned by 'GET(...)' are incompatible between these types.
    Type 'Promise<{ error: { message: any; code: any; }; status: any; } | NextResponse<{ error: string; }> | NextResponse<{ logs: any; }>>' is not assignable to type 'void | Response | Promise<void | Response>'.
      Type 'Promise<{ error: { message: any; code: any; }; status: any; } | NextResponse<{ error: string; }> | NextResponse<{ logs: any; }>>' is not assignable to type 'Promise<void | Response>'.
        Type '{ error: { message: any; code: any; }; status: any; } | NextResponse<{ error: string; }> | NextResponse<{ logs: any; }>' is not assignable to type 'void | Response'.
          Type '{ error: { message: any; code: any; }; status: any; }' is not assignable to type 'void | Response'.
            Type '{ error: { message: any; code: any; }; status: any; }' is missing the following properties from type 'Response': headers, ok, redirected, statusText, and 11 more.
